## Fix Switch modal on published domains (issue #97)

Context: On an IN-REVIEW or PUBLISHED domain, the L2 **Switch** popup kept the version
dropdown disabled and offered "Save my changes before switching" even though read-only
versions cannot be saved. The read-only CSS gate did not exempt `#switchVersionSelect`, and
the modal never adapted to lifecycle status.

Changes:

1. src/front/static/global/css/permissions.css
   Exempt `#switchVersionSelect` from the read-only select disable rule (navigation, not
   design editing).
2. src/front/static/global/js/navbar.js
   Added `isSwitchSaveAllowed()`, `configureSwitchSaveOption()`, and confirm-handler guard
   so save-before-switch is disabled on non-DRAFT versions.
3. tests/units/front/test_switch_domain_modal.py
   Regression tests for the CSS exemption and navbar.js save gating.
4. docs/user-guide.md
   Document read-only Switch behaviour (version picker available, save option disabled).

Modified files:
- src/front/static/global/css/permissions.css
- src/front/static/global/js/navbar.js
- tests/units/front/test_switch_domain_modal.py
- docs/user-guide.md

Tests: uv run pytest -q -m "not scenario" → 2987 passed, 275 skipped, 5 deselected in 26.89s

## Add Databricks CLI profile to deploy.config.sh

Context: Deploy and bootstrap scripts call the Databricks CLI without a way to
pin a non-default profile from the single source of truth. Users with multiple
profiles had to export DATABRICKS_CONFIG_PROFILE manually before every make target.

Changes:

1. scripts/deploy.config.sh
   Added DEFAULT_DATABRICKS_PROFILE (exported as DATABRICKS_CONFIG_PROFILE when set).
2. scripts/deploy.sh
   Show the active profile in the deploy summary; auth hints mention --profile when configured.
3. docs/deployment.md
   Document DEFAULT_DATABRICKS_PROFILE in the deploy.config.sh variable table.
4. README.md
   Mention CLI profile in the deploy.config.sh edit step.

Tests: uv run pytest -q -m "not scenario" → 2987 passed, 275 skipped, 5 deselected in 26.89s

## Lakebase connection diagnostics in deploy scripts

Context: Lakebase misconfiguration errors (wrong project/branch, stale db-… id,
missing database) were terse. Operators had to guess which CLI commands to run to
inspect the live Lakebase project.

Changes:

1. scripts/_lakebase-diag.sh (new)
   Shared helper printing common causes and ready-to-run databricks postgres
   list-databases / endpoints commands (with --profile when configured).
2. scripts/deploy.sh
   Call diagnostics on db-… resolution failure, resource checks, dry-run abort,
   bootstrap failure, and Lakebase step ERR-trap hints.
3. scripts/bootstrap-lakebase-perms.sh
   Call diagnostics on endpoint/credentials/psql connection failures; distinguish
   psql connection errors from missing schema.

Modified files:
- scripts/_lakebase-diag.sh
- scripts/deploy.sh
- scripts/bootstrap-lakebase-perms.sh

Tests: uv run pytest -q -m "not scenario" → 2987 passed, 275 skipped, 5 deselected in 20.35s

## Lakebase underscore vs hyphen naming (deploy resolver)

Context: Lakebase exposes two names per database — status.postgres_database (PG
datname, underscores) vs the resource-path database_id (RFC-1123, hyphens only).
Operators saw ontobricks_demo become ontobricks-demo in list-databases and deploy
failed on exact string match.

Changes:

1. scripts/_lakebase-resolve-db.py (new)
   Resolve db segment + datname with underscore/hyphen slug tolerance.
2. scripts/deploy.sh
   Use the shared resolver; auto-correct LAKEBASE_DATABASE when slug-matched.
3. scripts/_lakebase-diag.sh
   Document the two-name model in failure hints.
4. scripts/deploy.config.sh
   Comment that DEFAULT_LAKEBASE_DATABASE must come from postgres_database, not
   the hyphenated resource id.
5. tests/units/scripts/test_lakebase_resolve_db.py
   Regression tests for slug matching.

Modified files:
- scripts/_lakebase-resolve-db.py
- scripts/deploy.sh
- scripts/_lakebase-diag.sh
- scripts/deploy.config.sh
- tests/units/scripts/test_lakebase_resolve_db.py

Tests: uv run pytest -q -m "not scenario" → 2990 passed, 275 skipped, 5 deselected in 20.32s

## Unify KG Build menu for Lakebase and Delta backends

Context: Delta triple-store mode added a second sidebar item ("Build Triple Store")
alongside the classic Lakebase Build page. Operators should see a single **Build**
entry; the page content swaps based on `triple_store_backend` (Lakebase sync UI vs
Delta materialize UI).

Changes:

1. src/front/config/menu_config.json
   Removed the extra `databricks-build` nav item; kept one **Build** (`sync`) entry.
2. src/front/templates/dtwin.html
   Nested Lakebase and Delta build partials inside `#sync-section`; load databricks JS before sync JS.
3. src/front/static/query/js/query-databricks-build.js
   Toggle `#sync-lakebase-panel` / `#sync-databricks-panel` instead of separate sidebar sections.
4. src/front/static/query/js/query-sync.js
   Skip Lakebase sync init when backend is `databricks`; delegate to Delta loader on Build navigation.
5. src/front/templates/partials/dtwin/_query_databricks_build.html
   Renamed page title to **Build** (same menu label as Lakebase).
6. src/front/templates/settings.html
   Updated help text to reference **Knowledge Graph → Build**.

Modified files:
- src/front/config/menu_config.json
- src/front/templates/dtwin.html
- src/front/templates/partials/dtwin/_query_databricks_build.html
- src/front/templates/settings.html
- src/front/static/query/js/query-databricks-build.js
- src/front/static/query/js/query-sync.js

Tests: uv run pytest -q -m "not scenario" → 2999 passed, 275 skipped, 5 deselected in 22.91s

## Rename triple-store backend UI: Databricks → Delta

Context: In Settings → Triple store, the non-Lakebase backend is Delta (Unity Catalog
TABLE). User-facing labels now say **Delta** instead of **Databricks**; the persisted
value remains `databricks`. Also fixed duplicate `databricks-section` id (connection vs
triple-store panels).

Changes:

1. src/front/templates/settings.html
   Backend select option and triple-store panel titled **Delta**; section id `delta-triplestore-section`.
2. src/front/config/menu_config.json
   Triple store nav item id/label `delta` / **Delta**.
3. src/front/static/config/js/settings.js
   Panel toggles and health check wired to `delta-triplestore-section` and `data-section="delta"`.
4. src/front/templates/partials/dtwin/_query_databricks_build.html
   Build page icon aligned with Delta (`bi-layers`).

Modified files:
- src/front/templates/settings.html
- src/front/config/menu_config.json
- src/front/static/config/js/settings.js
- src/front/templates/partials/dtwin/_query_databricks_build.html

Tests: uv run pytest -q -m "not scenario" → 2999 passed, 275 skipped, 5 deselected in 20.06s

## Enrich Settings → Delta page with storage guidance

Context: The Delta triple-store settings page looked empty (no forms like Lakebase, and
the status block only filled after a manual health click). Added static documentation
explaining Registry catalog/schema usage and auto-refresh status on page visit.

Changes:

1. src/front/templates/settings.html
   Added how-it-works, storage location, naming pattern, and status cards for Delta backend.
2. src/front/static/config/js/settings.js
   Auto-load status when opening Delta section; show registry location, prerequisites, FQNs.
3. src/back/core/graphdb/delta/health.py
   Health payload now includes registry catalog/schema and inferred table FQN.
4. src/back/objects/domain/SettingsService.py
   Pass registry_cfg into settings_health_summary.
5. tests/units/graphdb/delta/test_delta_package.py
   Regression test for registry location in health summary.

Modified files:
- src/front/templates/settings.html
- src/front/static/config/js/settings.js
- src/back/core/graphdb/delta/health.py
- src/back/objects/domain/SettingsService.py
- tests/units/graphdb/delta/test_delta_package.py

Tests: uv run pytest -q -m "not scenario" → 3000 passed, 275 skipped, 5 deselected in 20.15s

## Keep Lakebase and Delta settings nav always visible

Context: Selecting Lakebase as triple-store backend hid the Delta sidebar item (and set
inline `display:none` on the Delta section), so Delta could not be opened until the
backend was switched back. Nav items are now static; only **Back End** controls the
active runtime backend.

Changes:

1. src/front/static/config/js/settings.js
   Removed backend-based `d-none` on Lakebase/Delta nav and section `display` toggling.
2. src/front/templates/settings.html
   Removed inline `display:none` on Delta section; clarified Back End help text.

Modified files:
- src/front/static/config/js/settings.js
- src/front/templates/settings.html

Tests: uv run pytest -q -m "not scenario" → 3000 passed, 275 skipped, 5 deselected in 20.20s

## Fix empty Settings → Delta page (section id mismatch)

Context: Sidebar navigation resolves `data-section="delta"` to element id `delta-section`
(see sidebar-nav.js). The Delta panel used `delta-triplestore-section`, so clicking Delta
never activated the section — blank content area.

Changes:

1. src/front/templates/settings.html
   Renamed panel id from `delta-triplestore-section` to `delta-section`.

Modified files:
- src/front/templates/settings.html

Tests: uv run pytest -q -m "not scenario" → 3000 passed, 275 skipped, 5 deselected in 19.90s

## Fix silent Delta build failures in KG Build UI

Context: Delta build task polling called non-existent `GET /tasks/{id}/status`
(instead of `GET /tasks/{id}`), so completion/failure was never detected and no
error was shown to the user.

Changes:

1. src/front/static/query/js/query-databricks-build.js
   Poll `GET /tasks/{id}`; show inline alert + toast on failed/cancelled/warning outcomes.
2. src/front/templates/partials/dtwin/_query_databricks_build.html
   Added `#dbxBuildResultAlert` for build result messages.

Modified files:
- src/front/static/query/js/query-databricks-build.js
- src/front/templates/partials/dtwin/_query_databricks_build.html

Tests: uv run pytest -q -m "not scenario" → 3000 passed, 275 skipped, 5 deselected in 20.60s

## Fix Delta CTAS: drop explicit schema from RTAS

Context: Databricks rejects ``CREATE OR REPLACE TABLE … (cols) … AS SELECT`` — schema
must be inferred from the SELECT. Delta triple-store materialize failed with
"Schema may not be specified in a Replace Table As Select (RTAS) statement".

Changes:

1. src/back/core/graphdb/delta/materialize.py
   Removed ``(subject STRING, …)`` from ``build_ctas_sql``; RTAS uses VIEW column types.
2. tests/units/graphdb/delta/test_delta_package.py
   Assert generated SQL omits explicit column list.

Modified files:
- src/back/core/graphdb/delta/materialize.py
- tests/units/graphdb/delta/test_delta_package.py

Tests: uv run pytest -q -m "not scenario" → 3000 passed, 275 skipped, 5 deselected in 20.15s

## Wire Graph Explorer to Delta UC table FQN

Context: With ``triple_store_backend=databricks``, Explorer/filter/neighbors queried the
Lakebase-style name (``Cust360_V5``) instead of the UC ``…_data`` table, causing
"Error querying graph".

Changes:

1. src/back/core/helpers/SQLHelpers.py — ``effective_graph_query_table`` resolver.
2. src/api/routers/internal/dtwin.py — graph read routes use ``_graph_query_table``.
3. src/back/fastapi/graphql_routes.py, src/api/routers/digitaltwin.py — same for GraphQL/REST.
4. src/back/objects/digitaltwin/DigitalTwin.py — status probes use Delta FQN.
5. tests/units/graphdb/delta/test_triple_store_backend_config.py — resolver tests.
6. tests/units/dtwin/test_digitaltwin_api.py — cohort context mock update.

Tests: uv run pytest -q -m "not scenario" → 3002 passed, 275 skipped, 5 deselected in 20.32s

## Fix Inference materialise-to-graph for Delta triple store

Context: Inference → "Materialise to graph" failed on ``triple_store_backend=databricks``
because ``ReasoningService`` inserted into the logical graph name (``Domain_V5``) while
the Delta backend only materialized ``…_data`` at build time — the ``…_inferred``
companion TABLE and union read VIEW were never created.

Changes:

1. src/back/core/graphdb/delta/DeltaFlatStore.py
   Route ``insert_triples`` to ``…_inferred``; ensure companion TABLE + ``…_graph`` VIEW.
2. src/back/core/graphdb/delta/materialize.py
   ``ensure_inferred_table`` and ``ensure_graph_view`` DDL helpers.
3. src/back/core/graphdb/delta/_table_naming.py
   ``graph_view_fqn`` (``…_graph`` = ``_data`` ∪ ``_inferred``).
4. src/back/core/graphdb/delta/DeltaTripleStoreBuildPipeline.py
   Create inferred TABLE and graph VIEW on build (truncate inferred on full rebuild).
5. src/back/core/helpers/SQLHelpers.py
   ``effective_graph_query_table`` returns ``…_graph`` when ``include_inferred``.
6. src/back/core/graphdb/GraphDBFactory.py
   Pass domain/settings into ``DeltaFlatStore``.
7. src/front/templates/settings.html
   Document ``…_graph`` union VIEW in Delta object list.
8. tests/units/graphdb/delta/test_delta_flat_store.py
   Inferred routing and synced-table resolution tests.
9. tests/units/graphdb/delta/test_delta_package.py, test_triple_store_backend_config.py
   DDL and resolver coverage.

Modified files:
- src/back/core/graphdb/delta/DeltaFlatStore.py
- src/back/core/graphdb/delta/materialize.py
- src/back/core/graphdb/delta/_table_naming.py
- src/back/core/graphdb/delta/DeltaTripleStoreBuildPipeline.py
- src/back/core/helpers/SQLHelpers.py
- src/back/core/graphdb/GraphDBFactory.py
- src/front/templates/settings.html
- tests/units/graphdb/delta/test_delta_flat_store.py
- tests/units/graphdb/delta/test_delta_package.py
- tests/units/graphdb/delta/test_triple_store_backend_config.py

Tests: uv run pytest -q -m "not scenario" → 3008 passed, 275 skipped, 5 deselected in 21.29s

## Fix SWRL inference on Delta (logical graph name → UC FQN)

Context: SWRL (and other reasoning SQL) used ``Cust360Auto_V5`` via
``ReasoningService._get_graph_name()``. Lakebase maps that to ``g_cust360auto_v5``
through ``_sql_relation``; ``DeltaFlatStore`` passed the logical name through unchanged,
so inference SQL queried a non-existent relation and returned zero findings.

Changes:

1. src/back/core/graphdb/delta/DeltaFlatStore.py
   ``_sql_relation`` / ``physical_table_id`` resolve to ``…_graph`` (or ``…_data`` fallback).
2. tests/units/graphdb/delta/test_delta_flat_store.py
   SQL reference resolution tests.

Modified files:
- src/back/core/graphdb/delta/DeltaFlatStore.py
- tests/units/graphdb/delta/test_delta_flat_store.py

Tests: uv run pytest -q -m "not scenario" → 3011 passed, 275 skipped, 5 deselected in 21.17s
