## Remove Registry → My Tasks (duplicate of Home)

Context: My Tasks already lives on the Home page. The Registry sidebar
"Review → My Tasks" entry (and its dedicated section) was redundant and
added navigational noise without unique behaviour.

Changes:

1. `src/front/config/menu_config.json`
   Dropped the Registry `registry-review` group and its `my-tasks` item.
2. `src/front/templates/registry.html`
   Removed the my-tasks section include plus its CSS/JS assets.
3. `src/front/static/registry/js/registry-my-tasks.js`
   Deleted — unused after the Registry section removal (Home uses
   `home-tasks.js`).
4. `src/front/templates/partials/registry/_registry_my_tasks.html`
   Deleted — Registry-only partial no longer referenced.
5. `src/front/static/registry/css/registry-my-tasks.css`
   Kept (still shared by Home); comment updated to reflect Home usage.
6. `src/front/static/home/js/home-tasks.js`
   Dropped the "mirrors Registry → My Tasks" comment.
7. `src/api/routers/internal/review.py`
   Docstring now points at Home My Tasks instead of Registry.
8. `docs/user-guide.md` + `README.md` + `src/back/objects/registry/store/lakebase/schema.sql`
   User-facing / comment references updated to Home → My Tasks.

Modified files:
- src/front/config/menu_config.json
- src/front/templates/registry.html
- src/front/static/registry/js/registry-my-tasks.js (deleted)
- src/front/templates/partials/registry/_registry_my_tasks.html (deleted)
- src/front/static/registry/css/registry-my-tasks.css
- src/front/static/home/js/home-tasks.js
- src/api/routers/internal/review.py
- docs/user-guide.md
- README.md
- src/back/objects/registry/store/lakebase/schema.sql

Tests: uv run pytest -q -m "not scenario" → 3306 passed, 275 skipped, 5 deselected in 21.97s

## Move Registry → Developer/API to Settings

Context: The interactive API explorer belonged under Settings with other
developer tooling, not under Registry domain management. Moved the whole
Developer sidebar group (API) from Registry into Settings.

Changes:

1. `src/front/config/menu_config.json`
   Removed Registry `registry-developer` group; added Settings
   `settings-developer` → API.
2. `src/front/templates/registry.html`
   Dropped api-section include and query-api CSS/JS assets.
3. `src/front/templates/settings.html`
   Added api-section plus query-api CSS/JS (available to all roles).
4. `src/front/templates/partials/settings/_settings_api.html` (new)
   Settings wrapper around the shared query-api partial.
5. `src/front/templates/partials/registry/_registry_api.html`
   Deleted — replaced by the Settings partial.
6. `tests/units/api/test_ui_rendering.py`
   Assert API endpoint cards live on `/settings`, not `/registry/`.
7. `docs/development.md`
   Smoke-check table updated for the new API location.

Modified files:
- src/front/config/menu_config.json
- src/front/templates/registry.html
- src/front/templates/settings.html
- src/front/templates/partials/settings/_settings_api.html
- src/front/templates/partials/registry/_registry_api.html (deleted)
- tests/units/api/test_ui_rendering.py
- docs/development.md

Tests: uv run pytest -q -m "not scenario" → 3306 passed, 275 skipped, 5 deselected in 21.07s

## Move Registry → Automation to Settings

Context: Scheduler and Build Analytics sat under Registry even though
their APIs already live under `/settings/*`. Moved the whole Automation
sidebar group into Settings alongside Developer tooling.

Changes:

1. `src/front/config/menu_config.json`
   Removed Registry `registry-automation`; added Settings
   `settings-automation` (Scheduler, Build Analytics) before Developer.
2. `src/front/templates/registry.html`
   Dropped schedule / build-analytics sections and their JS assets.
3. `src/front/templates/settings.html`
   Hosts both automation sections; loads `schedule.js` and
   `build-analytics.js` for all roles.
4. `src/front/templates/partials/settings/_settings_schedule.html` (new)
   Moved from registry partial; comment updated.
5. `src/front/templates/partials/settings/_settings_build_analytics.html` (new)
   Moved from registry partial; comment updated.
6. `src/front/templates/partials/registry/_registry_schedule.html` +
   `_registry_build_analytics.html`
   Deleted after the move.
7. `src/front/static/config/js/build-analytics.js`
   Comment / guard wording now refer to Settings Automation.
8. `tests/units/api/test_ui_rendering.py`
   Assert schedule + build analytics live on `/settings`.
9. `docs/development.md` + `docs/code_organization.md` + `docs/data-access.md`
   Location references updated.

Modified files:
- src/front/config/menu_config.json
- src/front/templates/registry.html
- src/front/templates/settings.html
- src/front/templates/partials/settings/_settings_schedule.html
- src/front/templates/partials/settings/_settings_build_analytics.html
- src/front/templates/partials/registry/_registry_schedule.html (deleted)
- src/front/templates/partials/registry/_registry_build_analytics.html (deleted)
- src/front/static/config/js/build-analytics.js
- tests/units/api/test_ui_rendering.py
- docs/development.md
- docs/code_organization.md
- docs/data-access.md

Tests: uv run pytest -q -m "not scenario" → 3307 passed, 275 skipped, 5 deselected in 21.21s

## Move Registry Teams to Settings Admin

Context: Per-domain team role assignments are an administrative concern.
The Teams matrix was therefore moved from Registry into Settings → Admin,
alongside app permissions and other administrator-only controls.

Changes:

1. `src/front/config/menu_config.json`
   Moved the admin-only Teams item from Registry Domains to Settings Admin.
2. `src/front/templates/registry.html`
   Removed the Teams section and its page-specific assets from Registry.
3. `src/front/templates/settings.html`
   Added the admin-only Teams section and loaded its CSS/JavaScript assets.
4. `src/front/templates/partials/settings/_settings_teams.html`
   Added the Teams matrix partial in its new Settings location.
5. `src/front/templates/partials/registry/_registry_teams.html`
   Deleted the obsolete Registry partial.
6. `src/front/static/registry/js/registry-teams.js` and
   `src/front/static/registry/css/registry-teams.css`
   Updated module comments for the new Settings → Admin location.
7. `src/front/static/config/js/permissions.js`,
   `src/front/static/domain/js/domain-review.js`,
   `src/front/routes/home.py`, and `src/front/templates/access_denied.html`
   Updated user guidance to Settings → Admin → Teams.
8. `src/api/routers/internal/settings.py`,
   `src/back/objects/domain/SettingsService.py`,
   `src/back/objects/registry/ReviewService.py`, and
   `tests/units/registry/test_review_service.py`
   Updated internal documentation references without changing contracts.
9. `tests/units/api/test_ui_rendering.py`
   Added coverage proving Teams renders in Settings and not Registry.
10. `docs/development.md` and `docs/code_organization.md`
    Updated page ownership documentation.

Modified files:
- src/front/config/menu_config.json
- src/front/templates/registry.html
- src/front/templates/settings.html
- src/front/templates/partials/settings/_settings_teams.html
- src/front/templates/partials/registry/_registry_teams.html (deleted)
- src/front/static/registry/js/registry-teams.js
- src/front/static/registry/css/registry-teams.css
- src/front/static/config/js/permissions.js
- src/front/static/domain/js/domain-review.js
- src/front/routes/home.py
- src/front/templates/access_denied.html
- src/api/routers/internal/settings.py
- src/back/objects/domain/SettingsService.py
- src/back/objects/registry/ReviewService.py
- tests/units/registry/test_review_service.py
- tests/units/api/test_ui_rendering.py
- docs/development.md
- docs/code_organization.md

Tests: uv run pytest -q -m "not scenario" → 3308 passed, 275 skipped, 5 deselected in 24.99s
