## Wire Settings → Neo4j "Test connection" button + bind neo4j-password secret resource via DAB

**Context:** Smoke test of the post-review v0.7.0 build on `fevm-mjolnir` revealed two gaps that bundled cleanly into one improvement: (1) the "Test connection" button on Settings → Triple store → Neo4j was a placeholder ("Test-connection is not wired up yet") — left over from the v0.6.0 ship; (2) the `neo4j-password` Apps secret resource was declared in `app.yaml.template` but not bound to a workspace secret by the DAB, requiring manual UI binding after every deploy. This change wires the button to a real Bolt handshake **and** binds the secret resource through `databricks.yml`, so a `make deploy` lands a working Neo4j stack in one shot.

**Verified live on `fevm-mjolnir`** (2026-06-25, app `ontobricks-070`):
```
Connected to neo4j+s://b4810af7.databases.neo4j.io (database neo4j) in 860.2 ms
credentials from env var (NEO4J_PASSWORD — Databricks Apps secret)
```

**Changes:**
1. `databricks.yml` — declared the `neo4j-password` secret resource on the `dev-lakebase` target overlay (`scope=ontobricks, key=neo4j-password, permission=READ`). At deploy time DAB binds the Apps resource directly to the workspace secret, so no manual UI step is needed. The standalone declaration in `app.yaml.template` (no scope/key) stays in place for customers who prefer the "admin binds via UI" flow.
2. `src/api/routers/internal/settings.py` — new route `POST /settings/graph-engine/neo4j-test` calling `SettingsService.graph_engine_neo4j_test_result(...)`. Thin route (4 lines), delegates to the service layer.
3. `src/back/objects/domain/SettingsService.py` — new staticmethod `graph_engine_neo4j_test_result(...)` (~115 LoC). Reads the persisted `engine_config`, constructs a `Neo4jConnection` (which resolves auth from the `NEO4J_PASSWORD` env var first, then falls back to `engine_config.password` in local dev), calls the official driver's `verify_connectivity()` (a lightweight Bolt handshake — no Cypher is executed, no data is touched), and returns one of:
   - `{success: true, ok: true, uri, database, latency_ms, credentials_source}` — the credentials_source string surfaces *which* layer provided the password ("env var (NEO4J_PASSWORD — Databricks Apps secret)" vs "engine_config (local-dev fallback)").
   - `{success: true, ok: false, error, category}` — clean error states with `category` in `{config, driver-missing, auth, connectivity}` so the UI can colour-code without parsing the message.
4. `src/front/static/config/js/settings.js` — replaced the placeholder click handler on `#btnTestNeo4jConnection`. The new handler shows a spinner, persists the current form state (so the test uses what's in the form, not just what was last saved), POSTs the test endpoint, then renders a Bootstrap alert: green with latency + credentials source on success, red with a `category` badge on failure.

**Files:**
- `databricks.yml`
- `src/api/routers/internal/settings.py`
- `src/back/objects/domain/SettingsService.py`
- `src/front/static/config/js/settings.js`
- `docs/v0.6-neo4j-demo/screenshots/20-settings-neo4j-secret-badge.png` (new — captures the green "From Apps secret" badge + disabled password input)
- `docs/v0.6-neo4j-demo/screenshots/22-settings-global-engine-selector.png` (new — captures the server-side-rendered engine selector with no flash)
- `docs/v0.6-neo4j-demo/screenshots/23-settings-neo4j-test-connection-result.png` (new — captures the green "Connected … 860.2 ms · credentials from env var" alert)

**Test result:** `python3 -m py_compile` on every changed `.py` — OK. `node --check` on `settings.js` — OK. **Live verification on `fevm-mjolnir` / `ontobricks-070` (post deploy `bf39lra2x`):**
- Initial test → `category: "connectivity"` clean error (Aura instance was offline at that moment — DNS unresolvable from the Databricks Apps container). UI rendered the red badge correctly.
- After Aura came back online → `{ok: true, latency_ms: 860.2, credentials_source: "env var (NEO4J_PASSWORD — Databricks Apps secret)"}`. UI rendered the green alert correctly.
- Apps logs (`databricks apps logs ontobricks-070`) show the expected sequence: `Neo4jConnection._resolve_auth → "Neo4j credentials sourced from NEO4J_PASSWORD env var"`, `Neo4jConnection.get_driver → "Neo4j driver opened for ..."`, `Neo4jConnection.close → "Neo4j driver closed"` — all four `db-hkyi…` / Lakebase / secret resource paths exercised cleanly.

## Extend Test-connection with a `RETURN 1` Cypher probe + deck/PDF refresh

**Context:** The Bolt handshake alone (`driver.verify_connectivity()`) only proves the TCP+auth layer reaches Aura. To also prove the **full Cypher path** — session creation, `_run` execution, and the new INFO log line emitted from `Neo4jConnection.run` (per item #69) — the Test-connection endpoint now follows the handshake with a trivial `RETURN 1 AS probe` query through the same `_run` code path the production query stack uses. This gives operators visible end-to-end proof on a single button click (handshake latency + Cypher echo, both surfaced in the UI alert and in the app logs).

**Changes:**
1. `src/back/objects/domain/SettingsService.py` — after `driver.verify_connectivity()`, run `conn.run("RETURN 1 AS probe")` (still inside the existing try/except so failure surfaces with `category: "connectivity"`). New `cypher_probe` field in the success payload: `{"rows": <int>, "echo": <first-row-dict>}`.
2. `src/front/static/config/js/settings.js` — success alert now appends "<code>RETURN 1 AS probe</code> echoed N row(s) — Cypher path live." when the probe is present.
3. `docs/v0.6-neo4j-demo/deck.html` — major refresh: cover banner bumped to "v0.6.0 → v0.7.0" with refreshed date metadata; TL;DR bullet added for the post-review iteration; **6 new slides** (21–26) inserted between Data Quality (slide 20) and Closing (now slide 27) covering: (a) v0.7 overview tiles for all 6 commits, (b) Secret resource flow with the `From Apps secret` badge screenshot, (c) Test-connection wire with the green `Connected … 860 ms · Cypher path live` alert screenshot, (d) Cypher INFO log format with the real prod log capture, (e) Settings flash fix before/after, (f) Modular split composition diagram. All previous `slide-page` markers renumbered 1/21–21/21 → 1/27–27/27. Closing slide updated with v0.7 bugs row, v0.7 footer, and revised "Ask: 6 commits + verified live on ontobricks-070" card.
4. `docs/v0.6-neo4j-demo/OntoBricks-PR47-Neo4j.pdf` — regenerated via headless Chrome from the updated deck.html (5.85 MB, 27 pages).
5. `docs/v0.6-neo4j-demo/screenshots/23-settings-neo4j-test-connection-result.png` — re-captured to include the new `RETURN 1 AS probe echoed 1 row(s) — Cypher path live` tail in the green alert.
6. `docs/v0.6-neo4j-demo/screenshots/24-app-logs-cypher-info-real.txt` (new) — text capture of the actual prod log sequence from a single Test-connection click on `ontobricks-070`: the 5 lines `_resolve_auth`, `get_driver`, DEBUG `Cypher params`, INFO `Cypher (1 rows, 706.4 ms): RETURN 1 AS probe`, DEBUG `close`. Used verbatim in deck slide 24.

**Modified files:**
- `src/back/objects/domain/SettingsService.py`
- `src/front/static/config/js/settings.js`
- `docs/v0.6-neo4j-demo/deck.html`
- `docs/v0.6-neo4j-demo/OntoBricks-PR47-Neo4j.pdf`
- `docs/v0.6-neo4j-demo/screenshots/23-settings-neo4j-test-connection-result.png`
- `docs/v0.6-neo4j-demo/screenshots/24-app-logs-cypher-info-real.txt` (new)

**Test result:** `python3 -m py_compile` + `node --check` — OK. Live on `ontobricks-070` (post deploy `b7net6nay`): UI alert reads `Connected to neo4j+s://b4810af7.databases.neo4j.io (database neo4j) in 1574.4 ms · credentials from env var (NEO4J_PASSWORD — Databricks Apps secret). · RETURN 1 AS probe echoed 1 row(s) — Cypher path live.` Prod log captures the matching INFO line: `Cypher (1 rows, 706.4 ms): RETURN 1 AS probe`.
