## Show inherited outgoing relations on subclasses

Context: OWL already treats subclass instances as valid subjects of a parent
object-property, but Studio, the entity panel, and Mapping only showed
relations whose declared domain was the class itself. Subclasses now surface
those outgoing relations at read time without duplicating OWL or mapping SQL.

Changes:

1. src/back/objects/ontology/OntologyClassModel.py
   Add ancestor walk and `outgoing_relations_for_class`.
2. tests/units/ontology/test_inherited_relations.py
   Cover own vs inherited, multi-level, cycles, missing parent, no mutation.
3. src/front/static/global/js/ontology-inheritance.js
   Mirror the helper for Ontology and Mapping pages.
4. src/front/templates/ontology.html / src/front/templates/mapping.html
   Load the JS helper before the map scripts.
5. src/front/static/ontology/js/ontology-map.js
   Draw dashed inherited subclass-to-range edges and a legend item.
6. src/front/static/ontology/css/ontology-map.css
   Style `.map-link.inherited`.
7. src/front/static/ontology/js/ontology-shared-panels.js
   Read-only inherited-relations list on the entity Details tab.
8. src/front/static/mapping/js/mapping-design.js
   Inherited edges plus Status-tab links that open the declaring mapping.
9. src/front/static/mapping/css/mapping-design.css
   Style `.mapping-map-link.inherited`.
10. tests/units/front/test_inherited_relations_ui.py
    Source contracts for helper load order, graphs, and panels.
11. docs/user-guide.md / docs/features.md / docs/architecture.md
    Document dashed inherited edges and mapping reuse.

Modified files:
- src/back/objects/ontology/OntologyClassModel.py
- tests/units/ontology/test_inherited_relations.py
- src/front/static/global/js/ontology-inheritance.js
- src/front/templates/ontology.html
- src/front/templates/mapping.html
- src/front/static/ontology/js/ontology-map.js
- src/front/static/ontology/css/ontology-map.css
- src/front/static/ontology/js/ontology-shared-panels.js
- src/front/static/mapping/js/mapping-design.js
- src/front/static/mapping/css/mapping-design.css
- tests/units/front/test_inherited_relations_ui.py
- docs/user-guide.md
- docs/features.md
- docs/architecture.md
- changelogs/v0.9.0/benoitcayladbx_2026-10-02.log

Tests: uv run --frozen pytest -q -m "not scenario" → 7256 passed, 326 skipped, 6 deselected, 1 xfailed, 32 warnings in 55.34s

## Add Studio "Import entity" from another domain

Context: Users had to re-type entities already modelled in another registry
domain. Ontology Studio now has an **Import entity** button that opens a modal:
pick a source domain (latest version), tick entities, optionally tick their
1-hop related entities, and import them with attributes, icon, description,
resolvable parent and the relationships whose endpoints are imported or already
exist. URIs are rebased on the current domain and each copy records
`importedFrom`. Name conflicts default to keeping the existing entity (used as
relationship endpoint) with an optional rename. Mappings, rules, constraints and
groups are not imported. Backend logic is a Fowler Extract Class next to
`OntologyImport`; the server reloads the source ontology on import.

Changes:

1. src/back/objects/ontology/OntologyEntityImport.py
   New class: catalog building and authoritative import rules (URI rebase, conflict skip/rename, relationship resolution, provenance, top-level datatype properties folded into attributes).
2. src/back/objects/ontology/Ontology.py
   One-line delegator `import_entities_from_domain`.
3. src/back/objects/ontology/__init__.py
   Export `OntologyEntityImport`.
4. src/api/routers/internal/ontology.py
   `_load_source_ontology` helper plus `GET /ontology/entity-import/domains/{domain}/catalog` and `POST /ontology/entity-import`.
5. src/front/templates/partials/ontology/_ontology_entity_import_modal.html
   New Bootstrap modal (domain picker, entity list, related entities, live summary).
6. src/front/templates/partials/ontology/_ontology_map.html
   `#mapImportEntity` header button (`.ontology-edit-btn`, hidden for viewers/read-only).
7. src/front/templates/ontology.html
   Include the modal partial and load `ontology-entity-import.js` after the map script.
8. src/front/static/ontology/js/ontology-entity-import.js
   Preview helpers (`relatedEntities`, `previewImport`, `isValidName`) and modal wiring; refreshes the Studio after import.
9. src/front/static/ontology/css/ontology-map.css
   Independent scrolling for the two modal columns.
10. tests/units/ontology/test_entity_import.py
    Backend rules: catalog, copy, URI rebase, attributes, parent, relationships, conflicts, renames.
11. tests/units/api/test_entity_import_routes.py
    Route wiring, server-side source reload, input validation, current-domain refusal.
12. tests/units/front/test_entity_import_ui.py
    Node-executed helper behaviour and source contracts for button, modal, script and routes.
13. docs/user-guide.md / docs/features.md / docs/sphinx/api/app.objects.ontology.rst
    Document the feature and the new API class.

Modified files:
- src/back/objects/ontology/OntologyEntityImport.py
- src/back/objects/ontology/Ontology.py
- src/back/objects/ontology/__init__.py
- src/api/routers/internal/ontology.py
- src/front/templates/partials/ontology/_ontology_entity_import_modal.html
- src/front/templates/partials/ontology/_ontology_map.html
- src/front/templates/ontology.html
- src/front/static/ontology/js/ontology-entity-import.js
- src/front/static/ontology/css/ontology-map.css
- tests/units/ontology/test_entity_import.py
- tests/units/api/test_entity_import_routes.py
- tests/units/front/test_entity_import_ui.py
- docs/user-guide.md
- docs/features.md
- docs/sphinx/api/app.objects.ontology.rst
- changelogs/v0.9.0/benoitcayladbx_2026-10-02.log

Tests: uv run --frozen pytest -q -m "not scenario" → 7288 passed, 326 skipped, 6 deselected, 1 xfailed, 32 warnings in 53.30s

## Auto-provision Lakebase registry on deploy

Context: First install required a pre-existing Lakebase database and a
manual Settings → Registry → Initialize click. make deploy now creates
missing UC/Lakebase resources and initializes the registry schema.

Changes:

1. scripts/_internal/_init-lakebase-registry.py
   Serverless warehouse picker and LakebaseRegistryStore.initialize() CLI.
2. tests/units/scripts/test_init_lakebase_registry.py
   Picker and initialize wrapper contracts.
3. scripts/deploy.sh
   Resolve empty WAREHOUSE_ID; ensure UC catalog/schema; call setup-lakebase.sh;
   initialize registry before grants.
4. scripts/deploy.config.sh
   Document create-if-missing and empty warehouse default.
5. scripts/bootstrap/setup-lakebase.sh
   Drop the UI Initialize next-step (deploy does it).
6. scripts/bootstrap/lakebase-perms.sh
   Comments: schema is created at deploy time.
7. docs/DEPLOY_CHECKLIST.md / docs/deployment.md / docs/dab-reference.md / docs/INFO.md
   First deploy no longer requires a manual Initialize click.

Modified files:
- scripts/_internal/_init-lakebase-registry.py
- tests/units/scripts/test_init_lakebase_registry.py
- scripts/deploy.sh
- scripts/deploy.config.sh
- scripts/bootstrap/setup-lakebase.sh
- scripts/bootstrap/lakebase-perms.sh
- docs/DEPLOY_CHECKLIST.md
- docs/deployment.md
- docs/dab-reference.md
- docs/INFO.md

Tests: uv run --frozen pytest -q -m "not scenario" → 7298 passed, 326 skipped, 6 deselected, 1 xfailed, 32 warnings in 68.93s

## Skip Lakebase recreate and owner-only initialize on existing registries

Context: make deploy against an Autoscaling project (not database/instances)
tried POST /database/instances and failed. Replaying initialize() as the
human deployer hit "must be owner of table" on app-owned tables.

Changes:

1. scripts/bootstrap/setup-lakebase.sh
   Treat an existing /api/2.0/postgres/projects/{name} as already provisioned.
2. scripts/_internal/_init-lakebase-registry.py
   Skip initialize() when store.is_initialized() is true.
3. tests/units/scripts/test_init_lakebase_registry.py
   Cover the already-initialized skip path.

Modified files:
- scripts/bootstrap/setup-lakebase.sh
- scripts/_internal/_init-lakebase-registry.py
- tests/units/scripts/test_init_lakebase_registry.py

Tests: uv run --frozen pytest tests/units/scripts/test_init_lakebase_registry.py -q → 6 passed


