## Fix undefined names and enforce F821

Context: Cherry-pick of #164 / #163 onto `0.9.0`. `GET /api/v1/digitaltwin/triples`
raised `NameError` for every request because backend selection referenced
undefined variable `be`. Three more undefined names blocked a focused
repository-wide F821 gate.

Changes:

1. src/api/routers/digitaltwin.py
   Select the view or graph table using the documented `backend` parameter.
2. src/api/routers/internal/ontology.py
   Use the built-in generic `dict` for the evaluated local annotation.
3. src/back/core/external/pitfalls/runner.py
   Import the lazily loaded sentiment analyzer under `TYPE_CHECKING`.
4. src/back/core/graphdb/delta/DeltaBase.py
   Keep the 0.9.0 Lakehouse SEA / cloud-fetch imports; warehouse resolution
   already uses `resolve_delta_warehouse_id`.
5. tests/units/dtwin/test_digitaltwin_api.py
   Cover graph and view backend table selection and the reported NameError.
6. .github/workflows/ci.yml
   Add a blocking, frozen, repository-wide Ruff F821 gate.

Modified files:
- .github/workflows/ci.yml
- changelogs/v0.9.0/benoitcayladbx_2026-09-11.log
- src/api/routers/digitaltwin.py
- src/api/routers/internal/ontology.py
- src/back/core/external/pitfalls/runner.py
- src/back/core/graphdb/delta/DeltaBase.py
- tests/units/dtwin/test_digitaltwin_api.py

Tests: `uv run --frozen pytest -q -m "not scenario"` -> 5930 passed, 304
skipped, 6 deselected, 1 xfailed, 32 warnings in 45.53s.
`uv run --frozen ruff check --select F821 --output-format=concise src tests`
-> all checks passed. The two triples regression tests passed on 0.9.0.

---

## Align documentation with v0.9.0 release notes

Context: v0.9.0 had changelogs and operator docs for Lakehouse//RT, but no
`releases/ReleaseNotes_V0.9.0.md`. Get Started mixed warehouse settings into
the navbar table, and Features / User Guide / README / the September roadmap
still described v0.8.0 as current.

Changes:

1. releases/ReleaseNotes_V0.9.0.md
   Product release notes synthesized from `changelogs/v0.9.0/`.
2. docs/get-started.md
   Split navbar navigation from Build/Query/CloudFetch and Explorer timing.
3. docs/features.md, docs/user-guide.md, README.md, docs/README.md
   Document RT query path, Versions popup, digit-leading UC names, Explorer timing.
4. releases/Roadmap_2026-09.md
   Record v0.9.0 as current without claiming the Asana authoring-journey items shipped.

Modified files:
- releases/ReleaseNotes_V0.9.0.md
- docs/get-started.md
- docs/features.md
- docs/user-guide.md
- README.md
- docs/README.md
- releases/Roadmap_2026-09.md
- changelogs/v0.9.0/benoitcayladbx_2026-09-11.log

Tests: `uv run --frozen pytest -q -m "not scenario"` → 5930 passed, 304
skipped, 6 deselected, 1 xfailed, 32 warnings in 45.18s.
