## Harden Lakebase credential diagnostics

Context: Lakebase bootstrap credential minting needed safer failure reporting so malformed CLI output cannot fail silently under strict shell mode. This keeps credential handling observable without exposing secret payloads.

Changes:

1. scripts/bootstrap/lakebase-perms.sh
   Captured CLI stderr separately, handled malformed JSON safely, and avoided printing credential response bodies.
2. tests/units/scripts/test_lakebase_perms.py
   Added regression coverage for malformed credential JSON diagnostics.
3. CONTRIBUTORS.md
   Added contributor credit for Lakebase credential minting and diagnostics fixes.

Modified files:
- scripts/bootstrap/lakebase-perms.sh
- tests/units/scripts/test_lakebase_perms.py
- CONTRIBUTORS.md

Tests: `uv run --frozen pytest -q -m "not scenario"` → 5764 passed, 305 skipped, 6 deselected, 1 xfailed, 0 failed in 44.69s; targeted regression test → 3 passed; `bash -n scripts/bootstrap/lakebase-perms.sh` → passed.

## Deliver Lakehouse schema-permission Health (Tasks 1-4)

Context: Completed the Settings → Lakehouse → Health migration to a domain-independent Unity Catalog schema-permission diagnostic. The endpoint now checks effective permissions only for the resolved application principal on the configured Registry `catalog.schema`, expands inherited `ALL PRIVILEGES` into the six required operational permissions, and never depends on Objects inventory, domain assets, table counts, or warehouse state. Task 4 finalization added user documentation and consolidated delivery evidence.

Changes:

1. src/back/core/databricks/uc/UnityCatalog.py
   Added effective-permissions retrieval for `SCHEMA/<catalog.schema>` with principal filtering, normalization, and defensive diagnostic/error handling.
2. src/back/core/graphdb/delta/health.py
   Added schema-permission evaluation primitives for required permissions, inherited grants, and operational readiness computation.
3. src/back/objects/domain/SettingsService.py
   Reworked Lakehouse Health service flow to use app-level Registry context and principal resolution, with HTTP-200 diagnostics for missing grants/unresolved principal and infrastructure error mapping for request failures.
4. src/api/routers/internal/settings.py
   Updated route documentation to match schema-permission Health semantics.
5. src/front/static/config/js/settings.js
   Replaced domain-asset Health rendering with permission-oriented rendering, `resp.ok` handling, accessible status messaging, and tab-rail nearest-inline auto-scroll behavior.
6. src/front/templates/settings.html
   Updated Health copy and status live-region semantics; applied canonical card-integrated tab rail structure for Lakehouse, Lakebase, and Neo4j.
7. tests/units/core/test_unity_catalog.py
   Added unit coverage for effective-permissions request construction, normalization, principal filtering, and diagnostics.
8. tests/units/graphdb/delta/test_delta_package.py
   Added evaluator coverage for required permission output, inherited sources, and `ALL PRIVILEGES`.
9. tests/units/settings/test_delta_health_permissions.py
   Added backend integration-unit coverage for principal resolution, registry preconditions, non-domain behavior, and error-path mapping.
10. tests/units/front/test_settings_lakehouse_health_permissions.py
    Added frontend contract coverage for permission-only UI content, per-permission rendering, canonical tab wrappers, scroll behavior, and accessibility semantics.
11. tests/units/front/test_lakehouse_materialization_ui.py
    Updated legacy UI expectations to align with permission-based Health behavior.
12. docs/user-guide.md
    Documented Lakehouse Health required permissions, principal resolution, operational semantics, and explicit separation from Objects inventory.

Modified files:
- src/back/core/databricks/uc/UnityCatalog.py
- src/back/core/graphdb/delta/health.py
- src/back/objects/domain/SettingsService.py
- src/api/routers/internal/settings.py
- src/front/static/config/js/settings.js
- src/front/templates/settings.html
- tests/units/core/test_unity_catalog.py
- tests/units/graphdb/delta/test_delta_package.py
- tests/units/settings/test_delta_health_permissions.py
- tests/units/front/test_settings_lakehouse_health_permissions.py
- tests/units/front/test_lakehouse_materialization_ui.py
- docs/user-guide.md

Browser evidence:
- Settings Health endpoint returned HTTP 200 in-browser with permission-only payload semantics.
- Direct Unity Catalog effective-permissions API succeeded for principal `benoit.cayla@databricks.com`.
- `ALL PRIVILEGES` inherited from the catalog expanded into six granted operational permission rows.
- Health output contained no domain asset, warehouse, or domain-specific detail fields.
- Desktop and 390 px tab rails passed behavior and containment checks.
- Mobile focus blocker fix validated: Lakehouse `scrollLeft` moved `0 → 129`, Lakebase `0 → 368`.
- Refresh action returned HTTP 200; live region announced status updates; console remained error-free.

Tests: focused command `uv run --frozen pytest -q tests/units/core/test_unity_catalog.py tests/units/graphdb/delta/test_delta_package.py tests/units/settings/test_delta_health_permissions.py tests/units/front/test_settings_lakehouse_health_permissions.py` → 91 passed, 0 failed in 1.35s; full suite `uv run --frozen pytest -q -m "not scenario"` → 5833 passed, 304 skipped, 6 deselected, 1 xfailed, 0 failed in 44.40s.
